// Jest Snapshot v1, https://jestjs.io/docs/snapshot-testing

exports[`HeaderLogo Component Content Verification matches snapshot 1`] = `
<header
  class="bg-surface border-b border-custom"
>
  <div
    class="container mx-auto px-4 py-6"
  >
    <div
      class="text-center"
    >
      <h1
        class="mocked-crimson-text-font font-bold text-4xl md:text-5xl text-foreground mb-2 tracking-wide"
      >
        Family Foodie
      </h1>
      <p
        class="text-lg text-muted font-light italic"
      >
        What the fork is for dinner?
      </p>
    </div>
    <nav
      class="flex justify-center mt-4"
    >
      <div
        class="flex space-x-8"
      >
        <a
          class="text-secondary hover:text-foreground transition-colors font-medium underline-offset-4 hover:underline"
          data-testid="link-/"
          href="/"
        >
          Home
        </a>
        <a
          class="text-secondary hover:text-foreground transition-colors font-medium underline-offset-4 hover:underline"
          data-testid="link-/shopping"
          href="/shopping"
        >
          Shopping list
        </a>
        <a
          class="text-secondary hover:text-foreground transition-colors font-medium underline-offset-4 hover:underline"
          data-testid="link-/weeks"
          href="/weeks"
        >
          Past plans
        </a>
      </div>
    </nav>
  </div>
</header>
`;
